# Licensed to the Apache Software Foundation (ASF) under one or more
# contributor license agreements.  See the NOTICE file distributed with
# this work for additional information regarding copyright ownership.
# The ASF licenses this file to You under the Apache License, Version 2.0
# (the "License"); you may not use this file except in compliance with
# the License.  You may obtain a copy of the License at
#
#     http://www.apache.org/licenses/LICENSE-2.0
#
# Unless required by applicable law or agreed to in writing, software
# distributed under the License is distributed on an "AS IS" BASIS,
# WITHOUT WARRANTIES OR CONDITIONS OF ANY KIND, either express or implied.
# See the License for the specific language governing permissions and
# limitations under the License.

  {{- contains . }}
-
  {{- contains . }}
  - traceId: {{ notEmpty .traceId }}
    id: {{ notEmpty .id }}
    kind: SERVER
    name: post /
    timestamp: {{ ge .timestamp 0}}
    duration: {{ ge .duration 0}}
    localEndpoint:
      serviceName: frontend
      ipv4: {{ notEmpty .localEndpoint.ipv4 }}
    remoteEndpoint:
      ipv4: {{ notEmpty .remoteEndpoint.ipv4 }}
      port: {{ ge .remoteEndpoint.port 0}}
    annotations:
      {{- contains .annotations }}
      - timestamp: {{ ge .timestamp 0}}
        value: wr
      - timestamp: {{ ge .timestamp 0}}
        value: ws
      {{- end }}
    tags:
      http.method: POST
      http.path: /
  - traceId: {{ notEmpty .traceId }}
    parentId: {{ .parentId }}
    id: {{ notEmpty .id }}
    kind: SERVER
    name: get /api
    timestamp: {{ ge .timestamp 0}}
    duration: {{ ge .duration 0}}
    localEndpoint:
      serviceName: backend
      ipv4: {{ notEmpty .localEndpoint.ipv4 }}
    remoteEndpoint:
      ipv4: {{ notEmpty .remoteEndpoint.ipv4 }}
      port: {{ ge .remoteEndpoint.port 0}}
    annotations:
      {{- contains .annotations }}
      - timestamp: {{ ge .timestamp 0}}
        value: wr
      - timestamp: {{ ge .timestamp 0}}
        value: ws
      {{- end }}
    tags:
      http.method: GET
      http.path: /api
  - traceId: {{ notEmpty .traceId }}
    parentId: {{ .parentId }}
    id: {{ notEmpty .id }}
    kind: CLIENT
    name: get
    timestamp: {{ ge .timestamp 0}}
    duration: {{ ge .duration 0}}
    localEndpoint:
      serviceName: frontend
      ipv4: {{ notEmpty .localEndpoint.ipv4 }}
    remoteEndpoint:
      serviceName: backend
      ipv4: {{ notEmpty .remoteEndpoint.ipv4 }}
      port: 9000
    annotations:
      {{- contains .annotations }}
      - timestamp: {{ ge .timestamp 0}}
        value: ws
      - timestamp: {{ ge .timestamp 0}}
        value: wr
      {{- end }}
    tags:
      http.method: GET
      http.path: /api
  {{- end }}
  {{- end }}

