# Licensed to the Apache Software Foundation (ASF) under one or more
# contributor license agreements.  See the NOTICE file distributed with
# this work for additional information regarding copyright ownership.
# The ASF licenses this file to You under the Apache License, Version 2.0
# (the "License"); you may not use this file except in compliance with
# the License.  You may obtain a copy of the License at
#
#     http://www.apache.org/licenses/LICENSE-2.0
#
# Unless required by applicable law or agreed to in writing, software
# distributed under the License is distributed on an "AS IS" BASIS,
# WITHOUT WARRANTIES OR CONDITIONS OF ANY KIND, either express or implied.
# See the License for the specific language governing permissions and
# limitations under the License.

{{- contains . }}
- traceid: {{ notEmpty .traceid }}
  instanceid: {{ notEmpty .instanceid }}
  instancename: provider1
  endpointnames:
    - POST:/profile/{name}
  duration: {{ gt .duration 0 }}
  start: "{{ notEmpty .start }}"
  spans:
  {{- contains .spans}}
  - spanid: {{ ge .spanid 0 }}
    parentspanid: {{ .parentspanid }}
    segmentid: {{ notEmpty .segmentid }}
    refs: []
    servicecode: e2e-service-provider
    serviceinstancename: provider1
    starttime: {{ gt .starttime 0 }}
    endtime: {{ gt .endtime 0 }}
    endpointname: POST:/profile/{name}
    type: Entry
    peer: ""
    component: SpringMVC
    iserror: false
    layer: Http
    tags:
      {{- contains .tags }}
      - key: url
        value: {{ notEmpty .value }}
      - key: http.method
        value: POST
      - key: http.params
        value: "e2e=[true]"
      {{- end }}
    logs: []
    profiled: true
  {{- end}}
{{- end }}
